[
    {
        "author": "John Grisham",
        "title": "The Guardians",
        "year": 2019
    },
    {
        "author": "Harper Lee",
        "title": "To Kill a Mockingbird",
        "year": 2005
    },
    {
        "author": "Leo Tolstoy",
        "title": "War and Peace",
        "year": 1982
    }
]